[davur.dexignzone.com/index.html]
[backblue.gif]
[fade.gif]
[index.html]
[davur.dexignzone.com/welcome/images/favicon.ico]
[davur.dexignzone.com/welcome/images/favicon.png]
[davur.dexignzone.com/welcome/css/plugins.min.css]
[davur.dexignzone.com/welcome/plugins/fontawesome/css/font-awesome.min.css]
[davur.dexignzone.com/welcome/plugins/line-awesome/css/line-awesome.min.css]
[davur.dexignzone.com/welcome/plugins/themify/themify-icons.css]
[davur.dexignzone.com/welcome/css/style.css]
[davur.dexignzone.com/welcome/css/templete.css]
[davur.dexignzone.com/welcome/css/skin/skin-1.css]
[davur.dexignzone.com/welcome/images/logo-text.png]
[davur.dexignzone.com/welcome/images/bg1.jpg]
[davur.dexignzone.com/documentation/index.html]
[davur.dexignzone.com/welcome/images/logo.png]
[davur.dexignzone.com/welcome/images/icons/39.png]
[davur.dexignzone.com/welcome/images/icons/35.png]
[davur.dexignzone.com/welcome/images/icons/40.png]
[davur.dexignzone.com/welcome/images/icons/24.png]
[davur.dexignzone.com/welcome/images/icons/38.png]
[davur.dexignzone.com/welcome/images/icons/30.png]
[davur.dexignzone.com/welcome/images/wave/wave1.png]
[davur.dexignzone.com/welcome/images/wave/wave2.png]
[davur.dexignzone.com/welcome/images/wave/wave3.png]
[davur.dexignzone.com/dashboard/index.html]
[davur.dexignzone.com/welcome/images/demo/index.jpg]
[davur.dexignzone.com/frontend/front-home.html]
[davur.dexignzone.com/welcome/images/demo/front.jpg]
[davur.dexignzone.com/dashboard/page-order.html]
[davur.dexignzone.com/welcome/images/demo/page-order.jpg]
[davur.dexignzone.com/dashboard/page-order-list.html]
[davur.dexignzone.com/welcome/images/demo/page-order-list.jpg]
[davur.dexignzone.com/dashboard/page-review.html]
[davur.dexignzone.com/welcome/images/demo/page-review.jpg]
[davur.dexignzone.com/welcome/images/support.png]
[davur.dexignzone.com/welcome/images/inner-page/home.jpg]
[davur.dexignzone.com/welcome/images/inner-page/home-mobile.jpg]
[davur.dexignzone.com/dashboard/email-compose.html]
[davur.dexignzone.com/welcome/images/inner-page/email-compose.jpg]
[davur.dexignzone.com/welcome/images/inner-page/email-compose-mobile.jpg]
[davur.dexignzone.com/dashboard/ecom-product-grid.html]
[davur.dexignzone.com/welcome/images/inner-page/ecom-product-grid.jpg]
[davur.dexignzone.com/welcome/images/inner-page/ecom-product-grid-mobile.jpg]
[davur.dexignzone.com/dashboard/app-calender.html]
[davur.dexignzone.com/welcome/images/inner-page/app-calender.jpg]
[davur.dexignzone.com/welcome/images/inner-page/app-calender-mobile.jpg]
[davur.dexignzone.com/dashboard/chart-chartjs.html]
[davur.dexignzone.com/welcome/images/inner-page/chart-chartjs.jpg]
[davur.dexignzone.com/welcome/images/inner-page/chart-chartjs-mobile.jpg]
[davur.dexignzone.com/dashboard/chart-sparkline.html]
[davur.dexignzone.com/welcome/images/inner-page/chart-sparkline.jpg]
[davur.dexignzone.com/welcome/images/inner-page/chart-sparkline-mobile.jpg]
[davur.dexignzone.com/welcome/images/rv.png]
[davur.dexignzone.com/welcome/images/icons/1.png]
[davur.dexignzone.com/welcome/images/icons/3.png]
[davur.dexignzone.com/welcome/images/icons/4.png]
[davur.dexignzone.com/welcome/images/icons/5.png]
[davur.dexignzone.com/welcome/images/icons/6.png]
[davur.dexignzone.com/welcome/images/icons/7.png]
[davur.dexignzone.com/welcome/images/icons/8.png]
[davur.dexignzone.com/welcome/images/icons/9.png]
[davur.dexignzone.com/welcome/images/icons/10.png]
[davur.dexignzone.com/welcome/images/icons/11.png]
[davur.dexignzone.com/welcome/images/icons/15.png]
[davur.dexignzone.com/welcome/images/icons/16.png]
[davur.dexignzone.com/welcome/images/icons/17.png]
[davur.dexignzone.com/welcome/images/icons/18.png]
[davur.dexignzone.com/welcome/images/icons/19.png]
[davur.dexignzone.com/welcome/images/icons/20.png]
[davur.dexignzone.com/welcome/images/icons/21.png]
[davur.dexignzone.com/welcome/images/icons/23.png]
[davur.dexignzone.com/welcome/images/icons/25.png]
[davur.dexignzone.com/welcome/images/icons/28.png]
[davur.dexignzone.com/welcome/images/axiom-pattern.png]
[davur.dexignzone.com/welcome/images/speed/icon1.png]
[davur.dexignzone.com/welcome/images/speed/icon2.png]
[davur.dexignzone.com/welcome/images/speed/icon3.png]
[davur.dexignzone.com/welcome/images/rocket2.png]
[davur.dexignzone.com/welcome/images/support-white.png]
[davur.dexignzone.com/welcome/images/pic1.jpg]
[davur.dexignzone.com/welcome/images/footer-bg.png]
[davur.dexignzone.com/welcome/images/awards/pic1.png]
[davur.dexignzone.com/welcome/images/awards/pic4.png]
[davur.dexignzone.com/welcome/images/awards/pic2.png]
[davur.dexignzone.com/welcome/images/awards/pic3.png]
[davur.dexignzone.com/welcome/images/awards/pic5.png]
[davur.dexignzone.com/welcome/images/social-envato.svg]
[davur.dexignzone.com/welcome/images/30day.png]
[davur.dexignzone.com/welcome/js/combining.js]
[davur.dexignzone.com/index.html]
[davur.dexignzone.com/welcome/js/dz.ajax.js]
[davur.dexignzone.com/welcome/css/plugins.min.css]
[davur.dexignzone.com/welcome/plugins/fontawesome/fonts/fontawesome-webfont3e6e.eot]
[davur.dexignzone.com/welcome/plugins/fontawesome/fonts/fontawesome-webfontd41d.eot]
[davur.dexignzone.com/welcome/plugins/fontawesome/fonts/fontawesome-webfont3e6e.woff2]
[davur.dexignzone.com/welcome/plugins/fontawesome/fonts/fontawesome-webfont3e6e.woff]
[davur.dexignzone.com/welcome/plugins/fontawesome/fonts/fontawesome-webfont3e6e.ttf]
[davur.dexignzone.com/welcome/plugins/fontawesome/css/font-awesome.min.css]
[davur.dexignzone.com/welcome/plugins/fontawesome/fonts/fontawesome-webfont3e6e.svg]
[davur.dexignzone.com/welcome/plugins/line-awesome/fonts/la-brands-400.eot]
[davur.dexignzone.com/welcome/plugins/line-awesome/fonts/la-brands-400d41d.eot]
[davur.dexignzone.com/welcome/plugins/line-awesome/fonts/la-brands-400.woff2]
[davur.dexignzone.com/welcome/plugins/line-awesome/fonts/la-brands-400.woff]
[davur.dexignzone.com/welcome/plugins/line-awesome/fonts/la-brands-400.ttf]
[davur.dexignzone.com/welcome/plugins/line-awesome/fonts/la-regular-400.eot]
[davur.dexignzone.com/welcome/plugins/line-awesome/fonts/la-brands-400.svg]
[davur.dexignzone.com/welcome/plugins/line-awesome/fonts/la-regular-400d41d.eot]
[davur.dexignzone.com/welcome/plugins/line-awesome/fonts/la-regular-400.woff2]
[davur.dexignzone.com/welcome/plugins/line-awesome/fonts/la-regular-400.woff]
[davur.dexignzone.com/welcome/plugins/line-awesome/fonts/la-regular-400.ttf]
[davur.dexignzone.com/welcome/plugins/line-awesome/fonts/la-regular-400.svg]
[davur.dexignzone.com/welcome/plugins/line-awesome/fonts/la-solid-900.eot]
[davur.dexignzone.com/welcome/plugins/line-awesome/fonts/la-solid-900d41d.eot]
[davur.dexignzone.com/welcome/plugins/line-awesome/fonts/la-solid-900.woff2]
[davur.dexignzone.com/welcome/plugins/line-awesome/fonts/la-solid-900.woff]
[davur.dexignzone.com/welcome/plugins/line-awesome/fonts/la-solid-900.ttf]
[davur.dexignzone.com/welcome/plugins/line-awesome/css/line-awesome.min.css]
[davur.dexignzone.com/welcome/plugins/line-awesome/fonts/la-solid-900.svg]
[davur.dexignzone.com/welcome/plugins/themify/fonts/themify9f24.eot]
[davur.dexignzone.com/welcome/plugins/themify/fonts/themifyd41d.eot]
[davur.dexignzone.com/welcome/plugins/themify/fonts/themify9f24.woff]
[davur.dexignzone.com/welcome/plugins/themify/fonts/themify9f24.ttf]
[davur.dexignzone.com/welcome/plugins/themify/themify-icons.css]
[davur.dexignzone.com/welcome/plugins/themify/fonts/themify9f24.svg]
[davur.dexignzone.com/welcome/css/style.css]
[davur.dexignzone.com/welcome/css/templete.css]
[davur.dexignzone.com/welcome/css/skin/skin-1.css]
[davur.dexignzone.com/documentation/images/favicon.png]
[davur.dexignzone.com/documentation/css/bootstrap.css]
[davur.dexignzone.com/documentation/css/scrollbar.css]
[davur.dexignzone.com/documentation/css/font-awesome.css]
[davur.dexignzone.com/documentation/css/styles.css]
[davur.dexignzone.com/documentation/plugins/jstree/dist/themes/default/style.min.css]
[davur.dexignzone.com/documentation/images/logo.png]
[davur.dexignzone.com/documentation/images/logo-text.png]
[davur.dexignzone.com/cdn-cgi/l/email-protection.html]
[davur.dexignzone.com/documentation/images/screenshot/1.png]
[davur.dexignzone.com/documentation/images/screenshot/2.png]
[davur.dexignzone.com/documentation/images/screenshot/4.png]
[davur.dexignzone.com/documentation/images/screenshot/5.png]
[davur.dexignzone.com/documentation/images/product/wp-beglide.png]
[davur.dexignzone.com/documentation/images/product/wp-bheem.png]
[davur.dexignzone.com/documentation/images/product/wp-beautyzone.png]
[davur.dexignzone.com/documentation/images/product/wp-bucklin.png]
[davur.dexignzone.com/documentation/images/product/archia.png]
[davur.dexignzone.com/documentation/images/product/agency.png]
[davur.dexignzone.com/documentation/images/product/constructzilla .png]
[davur.dexignzone.com/documentation/images/product/cargozone.png]
[davur.dexignzone.com/documentation/images/product/yogazone.png]
[davur.dexignzone.com/documentation/images/product/gardanzone.png]
[davur.dexignzone.com/documentation/images/product/construct.png]
[davur.dexignzone.com/documentation/images/product/butterfly.png]
[davur.dexignzone.com/documentation/images/product/curv.png]
[davur.dexignzone.com/documentation/images/product/beautyzone.png]
[davur.dexignzone.com/documentation/images/product/sportszone.png]
[davur.dexignzone.com/documentation/images/product/medico.png]
[davur.dexignzone.com/documentation/images/product/jobboard.png]
[davur.dexignzone.com/documentation/images/product/industry.png]
[davur.dexignzone.com/documentation/images/product/lemars.png]
[davur.dexignzone.com/documentation/images/product/bizmap.png]
[davur.dexignzone.com/documentation/images/product/umang_academy.png]
[davur.dexignzone.com/documentation/images/product/kelsey.png]
[davur.dexignzone.com/documentation/images/product/bucklin.png]
[davur.dexignzone.com/documentation/images/product/smartclass.png]
[davur.dexignzone.com/documentation/images/bg1.png]
[davur.dexignzone.com/cdn-cgi/scripts/5c5dd728/cloudflare-static/email-decode.min.js]
[davur.dexignzone.com/documentation/js/jquery.min.js]
[davur.dexignzone.com/documentation/js/bootstrap.min.js]
[davur.dexignzone.com/documentation/js/smoothscroll.js]
[davur.dexignzone.com/documentation/js/jquery.scrollTo.min.js]
[davur.dexignzone.com/documentation/js/jquery.localScroll.min.js]
[davur.dexignzone.com/documentation/js/load.js]
[davur.dexignzone.com/documentation/js/custom.js]
[davur.dexignzone.com/documentation/js/scrollbar.min.js]
[davur.dexignzone.com/documentation/index.html]
[davur.dexignzone.com/documentation/plugins/jstree/dist/jstree.min.js]
[davur.dexignzone.com/dashboard/images/favicon.png]
[davur.dexignzone.com/dashboard/vendor/jqvmap/css/jqvmap.min.css]
[davur.dexignzone.com/dashboard/vendor/chartist/css/chartist.min.css]
[davur.dexignzone.com/dashboard/vendor/bootstrap-select/dist/css/bootstrap-select.min.css]
[davur.dexignzone.com/dashboard/css/style.css]
[cdn.lineicons.com/2.0/LineIcons.css]
[davur.dexignzone.com/dashboard/images/logo.png]
[davur.dexignzone.com/dashboard/images/logo-text.png]
[davur.dexignzone.com/dashboard/images/avatar/1.jpg]
[davur.dexignzone.com/dashboard/images/avatar/2.jpg]
[davur.dexignzone.com/dashboard/images/avatar/3.jpg]
[davur.dexignzone.com/dashboard/images/avatar/4.jpg]
[davur.dexignzone.com/dashboard/images/avatar/5.jpg]
[davur.dexignzone.com/dashboard/images/profile/pic1.jpg]
[davur.dexignzone.com/dashboard/app-profile.html]
[davur.dexignzone.com/dashboard/email-inbox.html]
[davur.dexignzone.com/dashboard/page-login.html]
[davur.dexignzone.com/dashboard/page-analytics.html]
[davur.dexignzone.com/dashboard/page-general-customers.html]
[davur.dexignzone.com/frontend/front-dashboard.html]
[davur.dexignzone.com/frontend/front-authentication.html]
[davur.dexignzone.com/frontend/front-booking.html]
[davur.dexignzone.com/frontend/front-food-items.html]
[davur.dexignzone.com/frontend/front-orders_status.html]
[davur.dexignzone.com/frontend/front-people.html]
[davur.dexignzone.com/frontend/front-reviews.html]
[davur.dexignzone.com/frontend/front-setting.html]
[davur.dexignzone.com/frontend/front-support.html]
[davur.dexignzone.com/frontend/front-terms_conditions.html]
[davur.dexignzone.com/frontend/front-transactions.html]
[davur.dexignzone.com/frontend/front-upload_item.html]
[davur.dexignzone.com/frontend/front-wallet.html]
[davur.dexignzone.com/frontend/front-login.html]
[davur.dexignzone.com/dashboard/post-details.html]
[davur.dexignzone.com/dashboard/email-read.html]
[davur.dexignzone.com/dashboard/ecom-product-list.html]
[davur.dexignzone.com/dashboard/ecom-product-detail.html]
[davur.dexignzone.com/dashboard/ecom-product-order.html]
[davur.dexignzone.com/dashboard/ecom-checkout.html]
[davur.dexignzone.com/dashboard/ecom-invoice.html]
[davur.dexignzone.com/dashboard/ecom-customers.html]
[davur.dexignzone.com/dashboard/chart-flot.html]
[davur.dexignzone.com/dashboard/chart-morris.html]
[davur.dexignzone.com/dashboard/chart-chartist.html]
[davur.dexignzone.com/dashboard/chart-peity.html]
[davur.dexignzone.com/dashboard/ui-accordion.html]
[davur.dexignzone.com/dashboard/ui-alert.html]
[davur.dexignzone.com/dashboard/ui-badge.html]
[davur.dexignzone.com/dashboard/ui-button.html]
[davur.dexignzone.com/dashboard/ui-modal.html]
[davur.dexignzone.com/dashboard/ui-button-group.html]
[davur.dexignzone.com/dashboard/ui-list-group.html]
[davur.dexignzone.com/dashboard/ui-media-object.html]
[davur.dexignzone.com/dashboard/ui-card.html]
[davur.dexignzone.com/dashboard/ui-carousel.html]
[davur.dexignzone.com/dashboard/ui-dropdown.html]
[davur.dexignzone.com/dashboard/ui-popover.html]
[davur.dexignzone.com/dashboard/ui-progressbar.html]
[davur.dexignzone.com/dashboard/ui-tab.html]
[davur.dexignzone.com/dashboard/ui-typography.html]
[davur.dexignzone.com/dashboard/ui-pagination.html]
[davur.dexignzone.com/dashboard/ui-grid.html]
[davur.dexignzone.com/dashboard/uc-select2.html]
[davur.dexignzone.com/dashboard/uc-nestable.html]
[davur.dexignzone.com/dashboard/uc-noui-slider.html]
[davur.dexignzone.com/dashboard/uc-sweetalert.html]
[davur.dexignzone.com/dashboard/uc-toastr.html]
[davur.dexignzone.com/dashboard/map-jqvmap.html]
[davur.dexignzone.com/dashboard/uc-lightgallery.html]
[davur.dexignzone.com/dashboard/widget-basic.html]
[davur.dexignzone.com/dashboard/form-element.html]
[davur.dexignzone.com/dashboard/form-wizard.html]
[davur.dexignzone.com/dashboard/form-ckeditor.html]
[davur.dexignzone.com/dashboard/form-pickers.html]
[davur.dexignzone.com/dashboard/form-validation-jquery.html]
[davur.dexignzone.com/dashboard/table-bootstrap-basic.html]
[davur.dexignzone.com/dashboard/table-datatable-basic.html]
[davur.dexignzone.com/dashboard/page-register.html]
[davur.dexignzone.com/dashboard/page-error-400.html]
[davur.dexignzone.com/dashboard/page-error-403.html]
[davur.dexignzone.com/dashboard/page-error-404.html]
[davur.dexignzone.com/dashboard/page-error-500.html]
[davur.dexignzone.com/dashboard/page-error-503.html]
[davur.dexignzone.com/dashboard/page-lock-screen.html]
[davur.dexignzone.com/dashboard/images/icon1.png]
[davur.dexignzone.com/dashboard/images/svg/ic_stat2.svg]
[davur.dexignzone.com/dashboard/images/svg/ic_stat1.svg]
[davur.dexignzone.com/dashboard/images/bg-icon.png]
[davur.dexignzone.com/dashboard/vendor/global/global.min.js]
[davur.dexignzone.com/dashboard/vendor/bootstrap-select/dist/js/bootstrap-select.min.js]
[davur.dexignzone.com/dashboard/vendor/chart.js/Chart.bundle.min.js]
[davur.dexignzone.com/dashboard/js/custom.min.js]
[davur.dexignzone.com/dashboard/js/deznav-init.js]
[davur.dexignzone.com/dashboard/vendor/waypoints/jquery.waypoints.min.js]
[davur.dexignzone.com/dashboard/vendor/jquery.counterup/jquery.counterup.min.js]
[davur.dexignzone.com/dashboard/vendor/apexchart/apexchart.js]
[davur.dexignzone.com/dashboard/vendor/peity/jquery.peity.min.js]
[davur.dexignzone.com/dashboard/index.html]
[davur.dexignzone.com/dashboard/js/dashboard/dashboard-1.js]
[davur.dexignzone.com/frontend/images/favicon.png]
[davur.dexignzone.com/frontend/vendor/bootstrap-select/dist/css/bootstrap-select.min.css]
[davur.dexignzone.com/frontend/vendor/owl-carousel/owl.carousel.css]
[davur.dexignzone.com/frontend/vendor/bootstrap-touchspin/css/jquery.bootstrap-touchspin.min.css]
[davur.dexignzone.com/frontend/vendor/swiper/css/swiper-bundle.css]
[davur.dexignzone.com/frontend/css/style.css]
[davur.dexignzone.com/frontend/images/logo-text.png]
[davur.dexignzone.com/frontend/images/avatar/1.jpg]
[davur.dexignzone.com/frontend/images/counter.jpg]
[davur.dexignzone.com/frontend/images/food-icon/1.png]
[davur.dexignzone.com/frontend/images/food-icon/2.png]
[davur.dexignzone.com/frontend/images/food-icon/3.png]
[davur.dexignzone.com/frontend/images/food-icon/4.png]
[davur.dexignzone.com/frontend/images/food-icon/5.png]
[davur.dexignzone.com/frontend/images/food-icon/6.png]
[davur.dexignzone.com/frontend/images/food-icon/7.png]
[davur.dexignzone.com/frontend/images/dish/1.jpg]
[davur.dexignzone.com/frontend/images/veg.png]
[davur.dexignzone.com/frontend/images/dish/2.jpg]
[davur.dexignzone.com/frontend/images/dish/3.jpg]
[davur.dexignzone.com/frontend/images/dish/4.jpg]
[davur.dexignzone.com/frontend/images/dish/5.jpg]
[davur.dexignzone.com/frontend/images/dish/6.jpg]
[davur.dexignzone.com/frontend/images/dish/7.jpg]
[davur.dexignzone.com/frontend/images/dish/8.jpg]
[davur.dexignzone.com/frontend/vendor/global/global.min.js]
[davur.dexignzone.com/frontend/vendor/bootstrap-select/dist/js/bootstrap-select.min.js]
[davur.dexignzone.com/frontend/vendor/waypoints/jquery.waypoints.min.js]
[davur.dexignzone.com/frontend/vendor/jquery.counterup/jquery.counterup.min.js]
[davur.dexignzone.com/frontend/vendor/owl-carousel/owl.carousel.js]
[davur.dexignzone.com/frontend/vendor/bootstrap-touchspin/js/jquery.bootstrap-touchspin.min.js]
[davur.dexignzone.com/frontend/js/custom.js]
[davur.dexignzone.com/frontend/front-home.html]
[davur.dexignzone.com/frontend/js/deznav-init.js]
[davur.dexignzone.com/dashboard/images/delivery.png]
[davur.dexignzone.com/dashboard/images/dish/pic1.jpg]
[davur.dexignzone.com/dashboard/images/dish/pic2.jpg]
[davur.dexignzone.com/dashboard/images/dish/pic3.jpg]
[davur.dexignzone.com/dashboard/images/map-2.png]
[davur.dexignzone.com/dashboard/page-order.html]
[davur.dexignzone.com/dashboard/vendor/datatables/css/jquery.dataTables.min.css]
[davur.dexignzone.com/dashboard/page-order-list.html]
[davur.dexignzone.com/dashboard/vendor/datatables/js/jquery.dataTables.min.js]
[davur.dexignzone.com/dashboard/vendor/owl-carousel/owl.carousel.css]
[davur.dexignzone.com/dashboard/images/dish/pic4.jpg]
[davur.dexignzone.com/dashboard/images/dish/pic5.jpg]
[davur.dexignzone.com/dashboard/page-review.html]
[davur.dexignzone.com/dashboard/vendor/owl-carousel/owl.carousel.js]
[davur.dexignzone.com/dashboard/vendor/dropzone/dist/dropzone.css]
[davur.dexignzone.com/dashboard/email-compose.html]
[davur.dexignzone.com/dashboard/vendor/dropzone/dist/dropzone.js]
[davur.dexignzone.com/dashboard/images/product/1.jpg]
[davur.dexignzone.com/dashboard/images/product/2.jpg]
[davur.dexignzone.com/dashboard/images/product/3.jpg]
[davur.dexignzone.com/dashboard/images/product/4.jpg]
[davur.dexignzone.com/dashboard/images/product/5.jpg]
[davur.dexignzone.com/dashboard/images/product/6.jpg]
[davur.dexignzone.com/dashboard/images/product/7.jpg]
[davur.dexignzone.com/dashboard/ecom-product-grid.html]
[davur.dexignzone.com/dashboard/vendor/highlightjs/highlight.pack.min.js]
[davur.dexignzone.com/dashboard/vendor/fullcalendar/css/main.min.css]
[davur.dexignzone.com/dashboard/vendor/jqueryui/js/jquery-ui.min.js]
[davur.dexignzone.com/dashboard/vendor/moment/moment.min.js]
[davur.dexignzone.com/dashboard/vendor/fullcalendar/js/main.min.js]
[davur.dexignzone.com/dashboard/app-calender.html]
[davur.dexignzone.com/dashboard/js/plugins-init/fullcalendar-init.js]
[davur.dexignzone.com/dashboard/chart-chartjs.html]
[davur.dexignzone.com/dashboard/js/plugins-init/chartjs-init.js]
[davur.dexignzone.com/dashboard/vendor/jquery-sparkline/jquery.sparkline.min.js]
[davur.dexignzone.com/dashboard/js/plugins-init/sparkline-init.js]
[davur.dexignzone.com/dashboard/vendor/svganimation/vivus.min.js]
[davur.dexignzone.com/dashboard/chart-sparkline.html]
[davur.dexignzone.com/welcome/images/social-envato.svg]
[davur.dexignzone.com/dashboard/vendor/svganimation/svg.animation.js]
[dzassets.s3.amazonaws.com/w3-global.js]
[davur.dexignzone.com/welcome/js/combining.js]
[davur.dexignzone.com/welcome/js/dz.ajax.js]
[davur.dexignzone.com/welcome/plugins/fontawesome/fonts/fontawesome-webfont3e6e.svg]
[davur.dexignzone.com/welcome/plugins/line-awesome/fonts/la-brands-400.svg]
[davur.dexignzone.com/welcome/plugins/line-awesome/fonts/la-regular-400.svg]
[davur.dexignzone.com/welcome/plugins/line-awesome/fonts/la-solid-900.svg]
[davur.dexignzone.com/welcome/plugins/themify/fonts/themify9f24.svg]
[davur.dexignzone.com/documentation/fonts/glyphicons-halflings-regular.eot]
[davur.dexignzone.com/documentation/fonts/glyphicons-halflings-regulard41d.eot]
[davur.dexignzone.com/documentation/fonts/glyphicons-halflings-regular.woff2]
[davur.dexignzone.com/documentation/fonts/glyphicons-halflings-regular.woff]
[davur.dexignzone.com/documentation/fonts/glyphicons-halflings-regular.ttf]
[davur.dexignzone.com/documentation/css/bootstrap.css]
[davur.dexignzone.com/documentation/css/scrollbar.css]
[davur.dexignzone.com/documentation/fonts/glyphicons-halflings-regular.svg]
[davur.dexignzone.com/documentation/fonts/fontawesome-webfont3e6e.eot]
[davur.dexignzone.com/documentation/fonts/fontawesome-webfontd41d.eot]
[davur.dexignzone.com/documentation/fonts/fontawesome-webfont3e6e.woff]
[davur.dexignzone.com/documentation/fonts/fontawesome-webfont3e6e.ttf]
[davur.dexignzone.com/documentation/css/font-awesome.css]
[davur.dexignzone.com/documentation/fonts/fontawesome-webfont3e6e.svg]
[davur.dexignzone.com/documentation/fonts/lanenar_Lane.eot]
[davur.dexignzone.com/documentation/fonts/lanenar_Laned41d.eot]
[davur.dexignzone.com/documentation/fonts/lanenar_Lane.woff]
[davur.dexignzone.com/documentation/fonts/lanenar_Lane.ttf]
[davur.dexignzone.com/documentation/fonts/lanenar_Lane.svg]
[davur.dexignzone.com/documentation/images/slide.png]
[davur.dexignzone.com/documentation/css/styles.css]
[davur.dexignzone.com/documentation/plugins/jstree/dist/themes/default/32px.png]
[davur.dexignzone.com/documentation/plugins/jstree/dist/themes/default/throbber.gif]
[davur.dexignzone.com/documentation/plugins/jstree/dist/themes/default/40px.png]
[davur.dexignzone.com/documentation/plugins/jstree/dist/themes/default/style.min.css]
[davur.dexignzone.com/cdn-cgi/l/email-protection.html]
[davur.dexignzone.com/documentation/js/jquery.min.js]
[davur.dexignzone.com/documentation/js/bootstrap.min.js]
[davur.dexignzone.com/documentation/js/smoothscroll.js]
[davur.dexignzone.com/documentation/js/jquery.scrollTo.min.js]
[davur.dexignzone.com/documentation/js/jquery.localScroll.min.js]
[davur.dexignzone.com/documentation/js/load.js]
[davur.dexignzone.com/documentation/js/custom.js]
[davur.dexignzone.com/documentation/js/scrollbar.min.js]
[davur.dexignzone.com/documentation/plugins/jstree/dist/jstree.min.js]
[davur.dexignzone.com/dashboard/vendor/jqvmap/css/jqvmap.min.css]
[davur.dexignzone.com/dashboard/vendor/chartist/css/chartist.min.css]
[davur.dexignzone.com/dashboard/vendor/bootstrap-select/dist/css/bootstrap-select.min.css]
[davur.dexignzone.com/dashboard/icons/simple-line-icons/css/simple-line-icons.css]
[davur.dexignzone.com/dashboard/icons/font-awesome/css/all.min.css]
[davur.dexignzone.com/dashboard/icons/material-design-iconic-font/css/materialdesignicons.min.css]
[davur.dexignzone.com/dashboard/icons/themify-icons/css/themify-icons.css]
[davur.dexignzone.com/dashboard/icons/line-awesome/css/line-awesome.min.css]
[davur.dexignzone.com/dashboard/icons/avasta/css/style.css]
[davur.dexignzone.com/dashboard/icons/flaticon/flaticon.css]
[davur.dexignzone.com/dashboard/icons/icomoon/icomoon.css]
[davur.dexignzone.com/dashboard/vendor/animate/animate.min.css]
[davur.dexignzone.com/dashboard/vendor/aos/css/aos.min.css]
[davur.dexignzone.com/dashboard/vendor/perfect-scrollbar/css/perfect-scrollbar.css]
[davur.dexignzone.com/dashboard/vendor/metismenu/css/metisMenu.min.css]
[davur.dexignzone.com/dashboard/images/profile/cover.jpg]
[davur.dexignzone.com/dashboard/images/1.jpg]
[davur.dexignzone.com/dashboard/images/like.png]
[davur.dexignzone.com/dashboard/css/style.css]
[cdn.lineicons.com/2.0/fonts/LineIcons.eot]
[cdn.lineicons.com/2.0/fonts/LineIcons.woff2]
[cdn.lineicons.com/2.0/fonts/LineIcons.woff]
[cdn.lineicons.com/2.0/fonts/LineIcons.ttf]
[cdn.lineicons.com/2.0/LineIcons.css]
[cdn.lineicons.com/2.0/fonts/LineIcons.svg]
[davur.dexignzone.com/dashboard/vendor/lightgallery/css/lightgallery.min.css]
[davur.dexignzone.com/dashboard/images/profile/profile.png]
[davur.dexignzone.com/dashboard/images/profile/1.jpg]
[davur.dexignzone.com/dashboard/images/profile/2.jpg]
[davur.dexignzone.com/dashboard/images/profile/3.jpg]
[davur.dexignzone.com/dashboard/images/profile/4.jpg]
[davur.dexignzone.com/dashboard/images/profile/5.jpg]
[davur.dexignzone.com/dashboard/images/profile/6.jpg]
[davur.dexignzone.com/dashboard/images/profile/7.jpg]
[davur.dexignzone.com/dashboard/images/profile/8.jpg]
[davur.dexignzone.com/dashboard/images/profile/9.jpg]
[davur.dexignzone.com/dashboard/app-profile.html]
[davur.dexignzone.com/dashboard/vendor/lightgallery/js/lightgallery-all.min.js]
[davur.dexignzone.com/dashboard/email-inbox.html]
[davur.dexignzone.com/dashboard/images/logo-full.png]
[davur.dexignzone.com/dashboard/page-login.html]
[davur.dexignzone.com/dashboard/page-forgot-password.html]
[davur.dexignzone.com/dashboard/images/svg/ic_stat3.svg]
[davur.dexignzone.com/dashboard/page-analytics.html]
[davur.dexignzone.com/dashboard/js/dashboard/analytics.js]
[davur.dexignzone.com/dashboard/page-general-customers.html]
[davur.dexignzone.com/frontend/images/food-icon/8.png]
[davur.dexignzone.com/frontend/images/food-icon/9.png]
[davur.dexignzone.com/frontend/images/food-icon/10.png]
[davur.dexignzone.com/frontend/images/dish/pic5.jpg]
[davur.dexignzone.com/frontend/images/dish/pic4.jpg]
[davur.dexignzone.com/frontend/images/dish/pic3.jpg]
[davur.dexignzone.com/frontend/images/dish/pic2.jpg]
[davur.dexignzone.com/frontend/vendor/chart.js/Chart.bundle.min.js]
[davur.dexignzone.com/frontend/vendor/apexchart/apexchart.js]
[davur.dexignzone.com/frontend/js/dashboard/dashboard.js]
[davur.dexignzone.com/frontend/front-dashboard.html]
[davur.dexignzone.com/frontend/js/custom.min.js]
[davur.dexignzone.com/frontend/front-authentication.html]
[davur.dexignzone.com/frontend/ajax/front-authentication.html]
[davur.dexignzone.com/frontend/vendor/datatables/css/jquery.dataTables.min.css]
[davur.dexignzone.com/frontend/front-booking.html]
[davur.dexignzone.com/frontend/vendor/datatables/js/jquery.dataTables.min.js]
[davur.dexignzone.com/frontend/front-food-items.html]
[davur.dexignzone.com/frontend/vendor/imagesloaded/imagesloaded.js]
[davur.dexignzone.com/frontend/front-orders_status.html]
[davur.dexignzone.com/frontend/vendor/masonry/masonry-4.2.2.js]
[davur.dexignzone.com/frontend/front-people.html]
[davur.dexignzone.com/frontend/front-reviews.html]
[davur.dexignzone.com/frontend/vendor/jquery-asColorPicker/css/asColorPicker.min.css]
[davur.dexignzone.com/frontend/vendor/jquery-asColor/jquery-asColor.min.js]
[davur.dexignzone.com/frontend/vendor/jquery-asGradient/jquery-asGradient.min.js]
[davur.dexignzone.com/frontend/vendor/jquery-asColorPicker/js/jquery-asColorPicker.min.js]
[davur.dexignzone.com/frontend/front-setting.html]
[davur.dexignzone.com/frontend/js/plugins-init/jquery-asColorPicker.init.js]
[davur.dexignzone.com/frontend/images/24x7.png]
[davur.dexignzone.com/frontend/front-support.html]
[davur.dexignzone.com/frontend/images/terms-condition.png]
[davur.dexignzone.com/frontend/front-terms_conditions.html]
[davur.dexignzone.com/frontend/front-transactions.html]
[davur.dexignzone.com/frontend/front-upload_item.html]
[davur.dexignzone.com/frontend/ajax/upload-item.html]
[davur.dexignzone.com/frontend/front-wallet.html]
[davur.dexignzone.com/frontend/images/login.jpg]
[davur.dexignzone.com/frontend/front-login.html]
[davur.dexignzone.com/frontend/page-register.html]
[davur.dexignzone.com/dashboard/post-details.html]
[davur.dexignzone.com/dashboard/email-read.html]
[davur.dexignzone.com/dashboard/vendor/star-rating/star-rating-svg.css]
[davur.dexignzone.com/dashboard/ecom-product-list.html]
[davur.dexignzone.com/dashboard/vendor/star-rating/jquery.star-rating-svg.js]
[davur.dexignzone.com/dashboard/images/tab/1.jpg]
[davur.dexignzone.com/dashboard/images/tab/2.jpg]
[davur.dexignzone.com/dashboard/images/tab/3.jpg]
[davur.dexignzone.com/dashboard/images/tab/4.jpg]
[davur.dexignzone.com/dashboard/ecom-product-detail.html]
[davur.dexignzone.com/dashboard/ecom-product-order.html]
[davur.dexignzone.com/dashboard/ecom-checkout.html]
[davur.dexignzone.com/dashboard/images/qr.png]
[davur.dexignzone.com/dashboard/ecom-invoice.html]
[davur.dexignzone.com/dashboard/images/avatar/5.png]
[davur.dexignzone.com/dashboard/images/avatar/1.png]
[davur.dexignzone.com/dashboard/ecom-customers.html]
[davur.dexignzone.com/dashboard/vendor/flot/jquery.flot.js]
[davur.dexignzone.com/dashboard/vendor/flot/jquery.flot.pie.js]
[davur.dexignzone.com/dashboard/vendor/flot/jquery.flot.resize.js]
[davur.dexignzone.com/dashboard/vendor/flot-spline/jquery.flot.spline.min.js]
[davur.dexignzone.com/dashboard/chart-flot.html]
[davur.dexignzone.com/dashboard/js/plugins-init/flot-init.js]
[davur.dexignzone.com/dashboard/vendor/raphael/raphael.min.js]
[davur.dexignzone.com/dashboard/vendor/morris/morris.min.js]
[davur.dexignzone.com/dashboard/chart-morris.html]
[davur.dexignzone.com/dashboard/js/plugins-init/morris-init.js]
[davur.dexignzone.com/dashboard/vendor/chartist/js/chartist.min.js]
[davur.dexignzone.com/dashboard/vendor/chartist-plugin-tooltips/js/chartist-plugin-tooltip.min.js]
[davur.dexignzone.com/dashboard/chart-chartist.html]
[davur.dexignzone.com/dashboard/js/plugins-init/chartist-init.js]
[davur.dexignzone.com/dashboard/chart-peity.html]
[davur.dexignzone.com/dashboard/js/plugins-init/piety-init.js]
[davur.dexignzone.com/dashboard/ui-accordion.html]
[davur.dexignzone.com/dashboard/ui-alert.html]
[davur.dexignzone.com/dashboard/ui-badge.html]
[davur.dexignzone.com/dashboard/ui-button.html]
[davur.dexignzone.com/dashboard/ui-modal.html]
[davur.dexignzone.com/dashboard/ui-button-group.html]
[davur.dexignzone.com/dashboard/ui-list-group.html]
[davur.dexignzone.com/dashboard/images/avatar/7.jpg]
[davur.dexignzone.com/dashboard/images/avatar/6.jpg]
[davur.dexignzone.com/dashboard/images/avatar/8.jpg]
[davur.dexignzone.com/dashboard/ui-media-object.html]
[davur.dexignzone.com/dashboard/images/card/1.png]
[davur.dexignzone.com/dashboard/images/card/2.png]
[davur.dexignzone.com/dashboard/images/card/3.png]
[davur.dexignzone.com/dashboard/ui-card.html]
[davur.dexignzone.com/dashboard/images/big/img1.jpg]
[davur.dexignzone.com/dashboard/images/big/img2.jpg]
[davur.dexignzone.com/dashboard/images/big/img3.jpg]
[davur.dexignzone.com/dashboard/images/big/img4.jpg]
[davur.dexignzone.com/dashboard/images/big/img5.jpg]
[davur.dexignzone.com/dashboard/images/big/img6.jpg]
[davur.dexignzone.com/dashboard/images/big/img7.jpg]
[davur.dexignzone.com/dashboard/ui-carousel.html]
[davur.dexignzone.com/dashboard/ui-dropdown.html]
[davur.dexignzone.com/dashboard/ui-popover.html]
[davur.dexignzone.com/dashboard/js/custom.js]
[davur.dexignzone.com/dashboard/ui-progressbar.html]
[davur.dexignzone.com/dashboard/ui-tab.html]
[davur.dexignzone.com/dashboard/ui-typography.html]
[davur.dexignzone.com/dashboard/ui-pagination.html]
[davur.dexignzone.com/dashboard/ui-grid.html]
[davur.dexignzone.com/dashboard/vendor/select2/css/select2.min.css]
[davur.dexignzone.com/dashboard/vendor/select2/js/select2.full.min.js]
[davur.dexignzone.com/dashboard/uc-select2.html]
[davur.dexignzone.com/dashboard/js/plugins-init/select2-init.js]
[davur.dexignzone.com/dashboard/vendor/nestable2/css/jquery.nestable.min.css]
[davur.dexignzone.com/dashboard/vendor/nestable2/js/jquery.nestable.min.js]
[davur.dexignzone.com/dashboard/uc-nestable.html]
[davur.dexignzone.com/dashboard/js/plugins-init/nestable-init.js]
[davur.dexignzone.com/dashboard/vendor/nouislider/nouislider.min.css]
[davur.dexignzone.com/dashboard/vendor/nouislider/nouislider.min.js]
[davur.dexignzone.com/dashboard/vendor/wnumb/wNumb.js]
[davur.dexignzone.com/dashboard/uc-noui-slider.html]
[davur.dexignzone.com/dashboard/js/plugins-init/nouislider-init.js]
[davur.dexignzone.com/dashboard/vendor/sweetalert2/dist/sweetalert2.min.css]
[davur.dexignzone.com/dashboard/vendor/sweetalert2/dist/sweetalert2.min.js]
[davur.dexignzone.com/dashboard/uc-sweetalert.html]
[davur.dexignzone.com/dashboard/js/plugins-init/sweetalert.init.js]
[davur.dexignzone.com/dashboard/vendor/toastr/css/toastr.min.css]
[davur.dexignzone.com/dashboard/vendor/toastr/js/toastr.min.js]
[davur.dexignzone.com/dashboard/uc-toastr.html]
[davur.dexignzone.com/dashboard/js/plugins-init/toastr-init.js]
[davur.dexignzone.com/dashboard/vendor/jqvmap/js/jquery.vmap.min.js]
[davur.dexignzone.com/dashboard/vendor/jqvmap/js/jquery.vmap.world.js]
[davur.dexignzone.com/dashboard/vendor/jqvmap/js/jquery.vmap.usa.js]
[davur.dexignzone.com/dashboard/map-jqvmap.html]
[davur.dexignzone.com/dashboard/js/plugins-init/jqvmap-init.js]
[davur.dexignzone.com/dashboard/images/big/img8.jpg]
[davur.dexignzone.com/dashboard/uc-lightgallery.html]
[davur.dexignzone.com/dashboard/widget-basic.html]
[davur.dexignzone.com/dashboard/js/plugins-init/widgets-script-init.js]
[davur.dexignzone.com/dashboard/form-element.html]
[davur.dexignzone.com/dashboard/vendor/jquery-steps/css/jquery.steps.css]
[davur.dexignzone.com/dashboard/vendor/jquery-smartwizard/dist/css/smart_wizard.min.css]
[davur.dexignzone.com/dashboard/vendor/jquery-steps/build/jquery.steps.min.js]
[davur.dexignzone.com/dashboard/vendor/jquery-validation/jquery.validate.min.js]
[davur.dexignzone.com/dashboard/js/plugins-init/jquery.validate-init.js]
[davur.dexignzone.com/dashboard/form-wizard.html]
[davur.dexignzone.com/dashboard/vendor/jquery-smartwizard/dist/js/jquery.smartWizard.js]
[davur.dexignzone.com/dashboard/form-ckeditor.html]
[davur.dexignzone.com/dashboard/vendor/ckeditor/ckeditor.js]
[davur.dexignzone.com/dashboard/vendor/bootstrap-daterangepicker/daterangepicker.css]
[davur.dexignzone.com/dashboard/vendor/clockpicker/css/bootstrap-clockpicker.min.css]
[davur.dexignzone.com/dashboard/vendor/jquery-asColorPicker/css/asColorPicker.min.css]
[davur.dexignzone.com/dashboard/vendor/bootstrap-material-datetimepicker/css/bootstrap-material-datetimepicker.css]
[davur.dexignzone.com/dashboard/vendor/pickadate/themes/default.css]
[davur.dexignzone.com/dashboard/vendor/pickadate/themes/default.date.css]
[davur.dexignzone.com/dashboard/vendor/bootstrap-daterangepicker/daterangepicker.js]
[davur.dexignzone.com/dashboard/vendor/clockpicker/js/bootstrap-clockpicker.min.js]
[davur.dexignzone.com/dashboard/vendor/jquery-asColor/jquery-asColor.min.js]
[davur.dexignzone.com/dashboard/vendor/jquery-asGradient/jquery-asGradient.min.js]
[davur.dexignzone.com/dashboard/vendor/jquery-asColorPicker/js/jquery-asColorPicker.min.js]
[davur.dexignzone.com/dashboard/vendor/bootstrap-material-datetimepicker/js/bootstrap-material-datetimepicker.js]
[davur.dexignzone.com/dashboard/vendor/pickadate/picker.js]
[davur.dexignzone.com/dashboard/vendor/pickadate/picker.time.js]
[davur.dexignzone.com/dashboard/vendor/pickadate/picker.date.js]
[davur.dexignzone.com/dashboard/js/plugins-init/bs-daterange-picker-init.js]
[davur.dexignzone.com/dashboard/js/plugins-init/clock-picker-init.js]
[davur.dexignzone.com/dashboard/js/plugins-init/jquery-asColorPicker.init.js]
[davur.dexignzone.com/dashboard/js/plugins-init/material-date-picker-init.js]
[davur.dexignzone.com/dashboard/form-pickers.html]
[davur.dexignzone.com/dashboard/js/plugins-init/pickadate-init.js]
[davur.dexignzone.com/dashboard/form-validation-jquery.html]
[davur.dexignzone.com/dashboard/table-bootstrap-basic.html]
[davur.dexignzone.com/dashboard/images/profile/small/pic1.jpg]
[davur.dexignzone.com/dashboard/images/profile/small/pic2.jpg]
[davur.dexignzone.com/dashboard/images/profile/small/pic3.jpg]
[davur.dexignzone.com/dashboard/images/profile/small/pic4.jpg]
[davur.dexignzone.com/dashboard/images/profile/small/pic5.jpg]
[davur.dexignzone.com/dashboard/images/profile/small/pic6.jpg]
[davur.dexignzone.com/dashboard/images/profile/small/pic7.jpg]
[davur.dexignzone.com/dashboard/images/profile/small/pic8.jpg]
[davur.dexignzone.com/dashboard/images/profile/small/pic9.jpg]
[davur.dexignzone.com/dashboard/images/profile/small/pic10.jpg]
[davur.dexignzone.com/dashboard/table-datatable-basic.html]
[davur.dexignzone.com/dashboard/js/plugins-init/datatables.init.js]
[davur.dexignzone.com/dashboard/page-register.html]
[davur.dexignzone.com/dashboard/page-error-400.html]
[davur.dexignzone.com/dashboard/page-error-403.html]
[davur.dexignzone.com/dashboard/page-error-404.html]
[davur.dexignzone.com/dashboard/page-error-500.html]
[davur.dexignzone.com/dashboard/page-error-503.html]
[davur.dexignzone.com/dashboard/page-lock-screen.html]
[davur.dexignzone.com/dashboard/images/svg/ic_stat2.svg]
[davur.dexignzone.com/dashboard/images/svg/ic_stat1.svg]
[davur.dexignzone.com/dashboard/vendor/global/global.min.js]
[davur.dexignzone.com/dashboard/vendor/bootstrap-select/dist/js/bootstrap-select.min.js]
[davur.dexignzone.com/dashboard/vendor/chart.js/Chart.bundle.min.js]
[davur.dexignzone.com/dashboard/vendor/deznav/deznav.min.js]
[dzassets.s3.amazonaws.com/w3-global8bb6.js]
[davur.dexignzone.com/dashboard/js/custom.min.js]
[davur.dexignzone.com/dashboard/js/deznav-init.js]
[davur.dexignzone.com/dashboard/vendor/waypoints/jquery.waypoints.min.js]
[davur.dexignzone.com/dashboard/vendor/jquery.counterup/jquery.counterup.min.js]
[davur.dexignzone.com/dashboard/vendor/apexchart/apexchart.js]
[davur.dexignzone.com/dashboard/vendor/peity/jquery.peity.min.js]
[davur.dexignzone.com/dashboard/js/dashboard/dashboard-1.js]
[davur.dexignzone.com/frontend/vendor/bootstrap-select/dist/css/bootstrap-select.min.css]
[davur.dexignzone.com/frontend/vendor/owl-carousel/owl.carousel.css]
[davur.dexignzone.com/frontend/vendor/bootstrap-touchspin/css/jquery.bootstrap-touchspin.min.css]
[davur.dexignzone.com/frontend/vendor/swiper/css/swiper-bundle.css]
[davur.dexignzone.com/frontend/icons/simple-line-icons/css/simple-line-icons.css]
[davur.dexignzone.com/frontend/icons/font-awesome/css/all.min.css]
[davur.dexignzone.com/frontend/icons/material-design-iconic-font/css/materialdesignicons.min.css]
[davur.dexignzone.com/frontend/icons/themify-icons/css/themify-icons.css]
[davur.dexignzone.com/frontend/icons/line-awesome/css/line-awesome.min.css]
[davur.dexignzone.com/frontend/icons/avasta/css/style.css]
[davur.dexignzone.com/frontend/icons/flaticon/flaticon.css]
[davur.dexignzone.com/frontend/icons/icomoon/icomoon.css]
[davur.dexignzone.com/frontend/vendor/animate/animate.min.css]
[davur.dexignzone.com/frontend/vendor/aos/css/aos.min.css]
[davur.dexignzone.com/frontend/vendor/perfect-scrollbar/css/perfect-scrollbar.css]
[davur.dexignzone.com/frontend/vendor/metismenu/css/metisMenu.min.css]
[davur.dexignzone.com/frontend/images/1.jpg]
[davur.dexignzone.com/frontend/images/like.png]
[davur.dexignzone.com/frontend/css/style.css]
[davur.dexignzone.com/frontend/vendor/global/global.min.js]
[davur.dexignzone.com/frontend/vendor/bootstrap-select/dist/js/bootstrap-select.min.js]
[davur.dexignzone.com/frontend/vendor/waypoints/jquery.waypoints.min.js]
[davur.dexignzone.com/frontend/vendor/jquery.counterup/jquery.counterup.min.js]
[davur.dexignzone.com/frontend/vendor/owl-carousel/owl.carousel.js]
[davur.dexignzone.com/frontend/vendor/bootstrap-touchspin/js/jquery.bootstrap-touchspin.min.js]
[davur.dexignzone.com/frontend/js/custom.js]
[davur.dexignzone.com/frontend/js/deznav-init.js]
[davur.dexignzone.com/dashboard/vendor/datatables/images/sort_both.png]
[davur.dexignzone.com/dashboard/vendor/datatables/images/sort_asc.png]
[davur.dexignzone.com/dashboard/vendor/datatables/images/sort_desc.png]
[davur.dexignzone.com/dashboard/vendor/datatables/images/sort_asc_disabled.png]
[davur.dexignzone.com/dashboard/vendor/datatables/images/sort_desc_disabled.png]
[davur.dexignzone.com/dashboard/vendor/datatables/css/jquery.dataTables.min.css]
[davur.dexignzone.com/dashboard/vendor/datatables/js/jquery.dataTables.min.js]
[davur.dexignzone.com/dashboard/vendor/owl-carousel/owl.carousel.css]
[davur.dexignzone.com/dashboard/vendor/owl-carousel/owl.carousel.js]
[davur.dexignzone.com/dashboard/vendor/dropzone/dist/dropzone.css]
[davur.dexignzone.com/dashboard/vendor/dropzone/dist/dropzone.js]
[davur.dexignzone.com/dashboard/vendor/highlightjs/highlight.pack.min.js]
[davur.dexignzone.com/dashboard/vendor/fullcalendar/css/main.min.css]
[davur.dexignzone.com/dashboard/vendor/jqueryui/js/jquery-ui.min.js]
[davur.dexignzone.com/dashboard/vendor/moment/moment.min.js]
[davur.dexignzone.com/dashboard/vendor/fullcalendar/js/main.min.js]
[davur.dexignzone.com/dashboard/js/plugins-init/fullcalendar-init.js]
[davur.dexignzone.com/dashboard/js/plugins-init/chartjs-init.js]
[davur.dexignzone.com/dashboard/vendor/jquery-sparkline/jquery.sparkline.min.js]
[davur.dexignzone.com/dashboard/js/plugins-init/sparkline-init.js]
[davur.dexignzone.com/dashboard/vendor/svganimation/vivus.min.js]
[davur.dexignzone.com/dashboard/vendor/svganimation/svg.animation.js]
[davur.dexignzone.com/documentation/fonts/glyphicons-halflings-regular.svg]
[davur.dexignzone.com/documentation/fonts/fontawesome-webfont3e6e.svg]
[davur.dexignzone.com/documentation/fonts/lanenar_Lane.svg]
[davur.dexignzone.com/dashboard/icons/simple-line-icons/fonts/Simple-Line-Icons4c824c82.eot]
[davur.dexignzone.com/dashboard/icons/simple-line-icons/fonts/Simple-Line-Iconsd41dd41d.eot]
[davur.dexignzone.com/dashboard/icons/simple-line-icons/fonts/Simple-Line-Icons4c824c82.ttf]
[davur.dexignzone.com/dashboard/icons/simple-line-icons/fonts/Simple-Line-Icons4c824c82.woff2]
[davur.dexignzone.com/dashboard/icons/simple-line-icons/fonts/Simple-Line-Icons4c824c82.woff]
[davur.dexignzone.com/dashboard/icons/simple-line-icons/css/simple-line-icons.css]
[davur.dexignzone.com/dashboard/icons/simple-line-icons/fonts/Simple-Line-Icons4c824c82.svg]
[davur.dexignzone.com/dashboard/icons/font-awesome/webfonts/fa-brands-400.eot]
[davur.dexignzone.com/dashboard/icons/font-awesome/webfonts/fa-brands-400d41d.eot]
[davur.dexignzone.com/dashboard/icons/font-awesome/webfonts/fa-brands-400.woff2]
[davur.dexignzone.com/dashboard/icons/font-awesome/webfonts/fa-brands-400.woff]
[davur.dexignzone.com/dashboard/icons/font-awesome/webfonts/fa-brands-400.ttf]
[davur.dexignzone.com/dashboard/icons/font-awesome/webfonts/fa-brands-400.svg]
[davur.dexignzone.com/dashboard/icons/font-awesome/webfonts/fa-regular-400.eot]
[davur.dexignzone.com/dashboard/icons/font-awesome/webfonts/fa-regular-400d41d.eot]
[davur.dexignzone.com/dashboard/icons/font-awesome/webfonts/fa-regular-400.woff2]
[davur.dexignzone.com/dashboard/icons/font-awesome/webfonts/fa-regular-400.woff]
[davur.dexignzone.com/dashboard/icons/font-awesome/webfonts/fa-regular-400.ttf]
[davur.dexignzone.com/dashboard/icons/font-awesome/webfonts/fa-regular-400.svg]
[davur.dexignzone.com/dashboard/icons/font-awesome/webfonts/fa-solid-900.eot]
[davur.dexignzone.com/dashboard/icons/font-awesome/webfonts/fa-solid-900d41d.eot]
[davur.dexignzone.com/dashboard/icons/font-awesome/webfonts/fa-solid-900.woff2]
[davur.dexignzone.com/dashboard/icons/font-awesome/webfonts/fa-solid-900.woff]
[davur.dexignzone.com/dashboard/icons/font-awesome/webfonts/fa-solid-900.ttf]
[davur.dexignzone.com/dashboard/icons/font-awesome/css/all.min.css]
[davur.dexignzone.com/dashboard/icons/font-awesome/webfonts/fa-solid-900.svg]
[davur.dexignzone.com/dashboard/icons/material-design-iconic-font/fonts/materialdesignicons-webfont683c.eot]
[davur.dexignzone.com/dashboard/icons/material-design-iconic-font/fonts/materialdesignicons-webfontd41d.eot]
[davur.dexignzone.com/dashboard/icons/material-design-iconic-font/fonts/materialdesignicons-webfont683c.woff2]
[davur.dexignzone.com/dashboard/icons/material-design-iconic-font/fonts/materialdesignicons-webfont683c.woff]
[davur.dexignzone.com/dashboard/icons/material-design-iconic-font/fonts/materialdesignicons-webfont683c.ttf]
[davur.dexignzone.com/dashboard/icons/material-design-iconic-font/css/materialdesignicons.min.css]
[davur.dexignzone.com/dashboard/icons/themify-icons/fonts/themify9f249f24.eot]
[davur.dexignzone.com/dashboard/icons/material-design-iconic-font/fonts/materialdesignicons-webfont683c.svg]
[davur.dexignzone.com/dashboard/icons/themify-icons/fonts/themifyd41dd41d.eot]
[davur.dexignzone.com/dashboard/icons/themify-icons/fonts/themify.woff]
[davur.dexignzone.com/dashboard/icons/themify-icons/fonts/themify.ttf]
[davur.dexignzone.com/dashboard/icons/themify-icons/css/themify-icons.css]
[davur.dexignzone.com/dashboard/icons/themify-icons/fonts/themify9f249f24.svg]
[davur.dexignzone.com/dashboard/icons/line-awesome/fonts/la-brands-400.eot]
[davur.dexignzone.com/dashboard/icons/line-awesome/fonts/la-brands-400d41d.eot]
[davur.dexignzone.com/dashboard/icons/line-awesome/fonts/la-brands-400.woff2]
[davur.dexignzone.com/dashboard/icons/line-awesome/fonts/la-brands-400.woff]
[davur.dexignzone.com/dashboard/icons/line-awesome/fonts/la-brands-400.ttf]
[davur.dexignzone.com/dashboard/icons/line-awesome/fonts/la-brands-400.svg]
[davur.dexignzone.com/dashboard/icons/line-awesome/fonts/la-regular-400.eot]
[davur.dexignzone.com/dashboard/icons/line-awesome/fonts/la-regular-400d41d.eot]
[davur.dexignzone.com/dashboard/icons/line-awesome/fonts/la-regular-400.woff2]
[davur.dexignzone.com/dashboard/icons/line-awesome/fonts/la-regular-400.woff]
[davur.dexignzone.com/dashboard/icons/line-awesome/fonts/la-regular-400.ttf]
[davur.dexignzone.com/dashboard/icons/line-awesome/fonts/la-regular-400.svg]
[davur.dexignzone.com/dashboard/icons/line-awesome/fonts/la-solid-900.eot]
[davur.dexignzone.com/dashboard/icons/line-awesome/fonts/la-solid-900d41d.eot]
[davur.dexignzone.com/dashboard/icons/line-awesome/fonts/la-solid-900.woff2]
[davur.dexignzone.com/dashboard/icons/line-awesome/fonts/la-solid-900.woff]
[davur.dexignzone.com/dashboard/icons/line-awesome/fonts/la-solid-900.ttf]
[davur.dexignzone.com/dashboard/icons/line-awesome/css/line-awesome.min.css]
[davur.dexignzone.com/dashboard/icons/line-awesome/fonts/la-solid-900.svg]
[davur.dexignzone.com/dashboard/icons/avasta/fonts/avasta.eot]
[davur.dexignzone.com/dashboard/icons/avasta/fonts/avasta.woff2]
[davur.dexignzone.com/dashboard/icons/avasta/fonts/avasta.woff]
[davur.dexignzone.com/dashboard/icons/avasta/fonts/avasta.ttf]
[davur.dexignzone.com/dashboard/icons/avasta/css/style.css]
[davur.dexignzone.com/dashboard/icons/avasta/fonts/avasta.svg]
[davur.dexignzone.com/dashboard/icons/flaticon/Flaticon.eot]
[davur.dexignzone.com/dashboard/icons/flaticon/Flaticond41d.eot]
[davur.dexignzone.com/dashboard/icons/flaticon/Flaticon.woff]
[davur.dexignzone.com/dashboard/icons/flaticon/Flaticon.ttf]
[davur.dexignzone.com/dashboard/icons/flaticon/flaticon.css]
[davur.dexignzone.com/dashboard/icons/flaticon/Flaticon.svg]
[davur.dexignzone.com/dashboard/icons/icomoon/fonts/icomoon.eot]
[davur.dexignzone.com/dashboard/icons/icomoon/fonts/icomoon.ttf]
[davur.dexignzone.com/dashboard/icons/icomoon/fonts/icomoon.woff]
[davur.dexignzone.com/dashboard/icons/icomoon/icomoon.css]
[davur.dexignzone.com/dashboard/vendor/animate/animate.min.css]
[davur.dexignzone.com/dashboard/vendor/aos/css/aos.min.css]
[davur.dexignzone.com/dashboard/vendor/perfect-scrollbar/css/perfect-scrollbar.css]
[davur.dexignzone.com/dashboard/vendor/metismenu/css/metisMenu.min.css]
[davur.dexignzone.com/dashboard/icons/icomoon/fonts/icomoon.svg]
[cdn.lineicons.com/2.0/fonts/LineIcons.svg]
[davur.dexignzone.com/dashboard/vendor/lightgallery/fonts/lgd641.eot]
[davur.dexignzone.com/dashboard/vendor/lightgallery/fonts/lgd41d.eot]
[davur.dexignzone.com/dashboard/vendor/lightgallery/fonts/lgd641.woff]
[davur.dexignzone.com/dashboard/vendor/lightgallery/fonts/lgd641.ttf]
[davur.dexignzone.com/dashboard/vendor/lightgallery/fonts/lgd641.svg]
[davur.dexignzone.com/dashboard/vendor/lightgallery/img/vimeo-play.png]
[davur.dexignzone.com/dashboard/vendor/lightgallery/img/video-play.png]
[davur.dexignzone.com/dashboard/vendor/lightgallery/img/youtube-play.png]
[davur.dexignzone.com/dashboard/vendor/lightgallery/img/loading.gif]
[davur.dexignzone.com/dashboard/vendor/lightgallery/css/lightgallery.min.css]
[davur.dexignzone.com/dashboard/vendor/lightgallery/js/lightgallery-all.min.js]
[davur.dexignzone.com/dashboard/page-forgot-password.html]
[davur.dexignzone.com/dashboard/images/svg/ic_stat3.svg]
[davur.dexignzone.com/dashboard/js/dashboard/analytics.js]
[davur.dexignzone.com/frontend/vendor/chart.js/Chart.bundle.min.js]
[davur.dexignzone.com/frontend/vendor/apexchart/apexchart.js]
[davur.dexignzone.com/frontend/js/dashboard/dashboard.js]
[davur.dexignzone.com/frontend/js/custom.min.js]
[davur.dexignzone.com/frontend/ajax/front-authentication.html]
[davur.dexignzone.com/frontend/vendor/datatables/images/sort_both.png]
[davur.dexignzone.com/frontend/vendor/datatables/images/sort_asc.png]
[davur.dexignzone.com/frontend/vendor/datatables/images/sort_desc.png]
[davur.dexignzone.com/frontend/vendor/datatables/images/sort_asc_disabled.png]
[davur.dexignzone.com/frontend/vendor/datatables/images/sort_desc_disabled.png]
[davur.dexignzone.com/frontend/vendor/datatables/css/jquery.dataTables.min.css]
[davur.dexignzone.com/frontend/vendor/datatables/js/jquery.dataTables.min.js]
[davur.dexignzone.com/frontend/vendor/imagesloaded/imagesloaded.js]
[davur.dexignzone.com/frontend/vendor/masonry/masonry-4.2.2.js]
[davur.dexignzone.com/frontend/vendor/jquery-asColorPicker/images/transparent.png]
[davur.dexignzone.com/frontend/vendor/jquery-asColorPicker/images/saturation.png]
[davur.dexignzone.com/frontend/vendor/jquery-asColorPicker/images/hue.png]
[davur.dexignzone.com/frontend/vendor/jquery-asColorPicker/images/alpha.png]
[davur.dexignzone.com/frontend/vendor/jquery-asColorPicker/css/asColorPicker.min.css]
[davur.dexignzone.com/frontend/vendor/jquery-asColor/jquery-asColor.min.js]
[davur.dexignzone.com/frontend/vendor/jquery-asGradient/jquery-asGradient.min.js]
[davur.dexignzone.com/frontend/vendor/jquery-asColorPicker/js/jquery-asColorPicker.min.js]
[davur.dexignzone.com/frontend/js/plugins-init/jquery-asColorPicker.init.js]
[davur.dexignzone.com/frontend/ajax/upload-item.html]
[davur.dexignzone.com/frontend/page-register.html]
[davur.dexignzone.com/dashboard/vendor/star-rating/star-rating-svg.css]
[davur.dexignzone.com/dashboard/vendor/star-rating/jquery.star-rating-svg.js]
[davur.dexignzone.com/dashboard/vendor/flot/jquery.flot.js]
[davur.dexignzone.com/dashboard/vendor/flot/jquery.flot.pie.js]
[davur.dexignzone.com/dashboard/vendor/flot/jquery.flot.resize.js]
[davur.dexignzone.com/dashboard/vendor/flot-spline/jquery.flot.spline.min.js]
[davur.dexignzone.com/dashboard/js/plugins-init/flot-init.js]
[davur.dexignzone.com/dashboard/vendor/raphael/raphael.min.js]
[davur.dexignzone.com/dashboard/vendor/morris/morris.min.js]
[davur.dexignzone.com/dashboard/js/plugins-init/morris-init.js]
[davur.dexignzone.com/dashboard/vendor/chartist/js/chartist.min.js]
[davur.dexignzone.com/dashboard/vendor/chartist-plugin-tooltips/js/chartist-plugin-tooltip.min.js]
[davur.dexignzone.com/dashboard/js/plugins-init/chartist-init.js]
[davur.dexignzone.com/dashboard/js/plugins-init/piety-init.js]
[davur.dexignzone.com/dashboard/js/custom.js]
[davur.dexignzone.com/dashboard/vendor/select2/css/select2.min.css]
[davur.dexignzone.com/dashboard/vendor/select2/js/select2.full.min.js]
[davur.dexignzone.com/dashboard/js/plugins-init/select2-init.js]
[davur.dexignzone.com/dashboard/vendor/nestable2/css/jquery.nestable.min.css]
[davur.dexignzone.com/dashboard/vendor/nestable2/js/jquery.nestable.min.js]
[davur.dexignzone.com/dashboard/js/plugins-init/nestable-init.js]
[davur.dexignzone.com/dashboard/vendor/nouislider/nouislider.min.css]
[davur.dexignzone.com/dashboard/vendor/nouislider/nouislider.min.js]
[davur.dexignzone.com/dashboard/vendor/wnumb/wNumb.js]
[davur.dexignzone.com/dashboard/js/plugins-init/nouislider-init.js]
[davur.dexignzone.com/dashboard/vendor/sweetalert2/dist/sweetalert2.min.css]
[davur.dexignzone.com/dashboard/vendor/sweetalert2/dist/sweetalert2.min.js]
[davur.dexignzone.com/dashboard/js/plugins-init/sweetalert.init.js]
[davur.dexignzone.com/dashboard/vendor/toastr/css/toastr.min.css]
[davur.dexignzone.com/dashboard/vendor/toastr/js/toastr.min.js]
[davur.dexignzone.com/dashboard/js/plugins-init/toastr-init.js]
[davur.dexignzone.com/dashboard/vendor/jqvmap/js/jquery.vmap.min.js]
[davur.dexignzone.com/dashboard/vendor/jqvmap/js/jquery.vmap.world.js]
[davur.dexignzone.com/dashboard/vendor/jqvmap/js/jquery.vmap.usa.js]
[davur.dexignzone.com/dashboard/js/plugins-init/jqvmap-init.js]
[davur.dexignzone.com/dashboard/js/plugins-init/widgets-script-init.js]
[davur.dexignzone.com/dashboard/vendor/jquery-steps/css/jquery.steps.css]
[davur.dexignzone.com/dashboard/vendor/jquery-smartwizard/dist/css/smart_wizard.min.css]
[davur.dexignzone.com/dashboard/vendor/jquery-steps/build/jquery.steps.min.js]
[davur.dexignzone.com/dashboard/vendor/jquery-validation/jquery.validate.min.js]
[davur.dexignzone.com/dashboard/js/plugins-init/jquery.validate-init.js]
[davur.dexignzone.com/dashboard/vendor/jquery-smartwizard/dist/js/jquery.smartWizard.js]
[davur.dexignzone.com/frontend/page-login.html]
[davur.dexignzone.com/dashboard/vendor/ckeditor/ckeditor.js]
[davur.dexignzone.com/dashboard/vendor/bootstrap-daterangepicker/daterangepicker.css]
[davur.dexignzone.com/dashboard/vendor/clockpicker/css/bootstrap-clockpicker.min.css]
[davur.dexignzone.com/dashboard/vendor/jquery-asColorPicker/images/transparent.png]
[davur.dexignzone.com/dashboard/vendor/jquery-asColorPicker/images/saturation.png]
[davur.dexignzone.com/dashboard/vendor/jquery-asColorPicker/images/hue.png]
[davur.dexignzone.com/dashboard/vendor/jquery-asColorPicker/images/alpha.png]
[davur.dexignzone.com/dashboard/vendor/jquery-asColorPicker/css/asColorPicker.min.css]
[davur.dexignzone.com/dashboard/vendor/bootstrap-material-datetimepicker/css/bootstrap-material-datetimepicker.css]
[davur.dexignzone.com/dashboard/vendor/pickadate/themes/default.css]
[davur.dexignzone.com/dashboard/vendor/pickadate/themes/default.date.css]
[davur.dexignzone.com/dashboard/vendor/bootstrap-daterangepicker/daterangepicker.js]
[davur.dexignzone.com/dashboard/vendor/clockpicker/js/bootstrap-clockpicker.min.js]
[davur.dexignzone.com/dashboard/vendor/jquery-asColor/jquery-asColor.min.js]
[davur.dexignzone.com/dashboard/vendor/jquery-asGradient/jquery-asGradient.min.js]
[davur.dexignzone.com/dashboard/vendor/jquery-asColorPicker/js/jquery-asColorPicker.min.js]
[davur.dexignzone.com/dashboard/vendor/bootstrap-material-datetimepicker/js/bootstrap-material-datetimepicker.js]
[davur.dexignzone.com/dashboard/vendor/pickadate/picker.js]
[davur.dexignzone.com/dashboard/vendor/pickadate/picker.time.js]
[davur.dexignzone.com/dashboard/vendor/pickadate/picker.date.js]
[davur.dexignzone.com/dashboard/js/plugins-init/bs-daterange-picker-init.js]
[davur.dexignzone.com/dashboard/js/plugins-init/clock-picker-init.js]
[davur.dexignzone.com/dashboard/js/plugins-init/jquery-asColorPicker.init.js]
[davur.dexignzone.com/dashboard/js/plugins-init/material-date-picker-init.js]
[davur.dexignzone.com/dashboard/js/plugins-init/pickadate-init.js]
[davur.dexignzone.com/dashboard/js/plugins-init/datatables.init.js]
[davur.dexignzone.com/dashboard/vendor/deznav/deznav.min.js]
[davur.dexignzone.com/frontend/icons/simple-line-icons/fonts/Simple-Line-Icons4c824c82.eot]
[davur.dexignzone.com/frontend/icons/simple-line-icons/fonts/Simple-Line-Iconsd41dd41d.eot]
[davur.dexignzone.com/frontend/icons/simple-line-icons/fonts/Simple-Line-Icons4c824c82.ttf]
[davur.dexignzone.com/frontend/icons/simple-line-icons/fonts/Simple-Line-Icons4c824c82.woff2]
[davur.dexignzone.com/frontend/icons/simple-line-icons/fonts/Simple-Line-Icons4c824c82.woff]
[davur.dexignzone.com/frontend/icons/simple-line-icons/css/simple-line-icons.css]
[davur.dexignzone.com/frontend/icons/simple-line-icons/fonts/Simple-Line-Icons4c824c82.svg]
[davur.dexignzone.com/frontend/icons/font-awesome/webfonts/fa-brands-400.eot]
[davur.dexignzone.com/frontend/icons/font-awesome/webfonts/fa-brands-400d41d.eot]
[davur.dexignzone.com/frontend/icons/font-awesome/webfonts/fa-brands-400.woff2]
[davur.dexignzone.com/frontend/icons/font-awesome/webfonts/fa-brands-400.woff]
[davur.dexignzone.com/frontend/icons/font-awesome/webfonts/fa-brands-400.ttf]
[davur.dexignzone.com/frontend/icons/font-awesome/webfonts/fa-brands-400.svg]
[davur.dexignzone.com/frontend/icons/font-awesome/webfonts/fa-regular-400.eot]
[davur.dexignzone.com/frontend/icons/font-awesome/webfonts/fa-regular-400d41d.eot]
[davur.dexignzone.com/frontend/icons/font-awesome/webfonts/fa-regular-400.woff2]
[davur.dexignzone.com/frontend/icons/font-awesome/webfonts/fa-regular-400.woff]
[davur.dexignzone.com/frontend/icons/font-awesome/webfonts/fa-regular-400.ttf]
[davur.dexignzone.com/frontend/icons/font-awesome/webfonts/fa-regular-400.svg]
[davur.dexignzone.com/frontend/icons/font-awesome/webfonts/fa-solid-900.eot]
[davur.dexignzone.com/frontend/icons/font-awesome/webfonts/fa-solid-900d41d.eot]
[davur.dexignzone.com/frontend/icons/font-awesome/webfonts/fa-solid-900.woff2]
[davur.dexignzone.com/frontend/icons/font-awesome/webfonts/fa-solid-900.woff]
[davur.dexignzone.com/frontend/icons/font-awesome/webfonts/fa-solid-900.ttf]
[davur.dexignzone.com/frontend/icons/font-awesome/css/all.min.css]
[davur.dexignzone.com/frontend/icons/font-awesome/webfonts/fa-solid-900.svg]
[davur.dexignzone.com/frontend/icons/material-design-iconic-font/fonts/materialdesignicons-webfont683c.eot]
[davur.dexignzone.com/frontend/icons/material-design-iconic-font/fonts/materialdesignicons-webfontd41d.eot]
[davur.dexignzone.com/frontend/icons/material-design-iconic-font/fonts/materialdesignicons-webfont683c.woff2]
[davur.dexignzone.com/frontend/icons/material-design-iconic-font/fonts/materialdesignicons-webfont683c.woff]
[davur.dexignzone.com/frontend/icons/material-design-iconic-font/fonts/materialdesignicons-webfont683c.ttf]
[davur.dexignzone.com/frontend/icons/material-design-iconic-font/css/materialdesignicons.min.css]
[davur.dexignzone.com/frontend/icons/themify-icons/fonts/themify9f249f24.eot]
[davur.dexignzone.com/frontend/icons/material-design-iconic-font/fonts/materialdesignicons-webfont683c.svg]
[davur.dexignzone.com/frontend/icons/themify-icons/fonts/themifyd41dd41d.eot]
[davur.dexignzone.com/frontend/icons/themify-icons/fonts/themify.woff]
[davur.dexignzone.com/frontend/icons/themify-icons/fonts/themify.ttf]
[davur.dexignzone.com/frontend/icons/themify-icons/css/themify-icons.css]
[davur.dexignzone.com/frontend/icons/themify-icons/fonts/themify9f249f24.svg]
[davur.dexignzone.com/frontend/icons/line-awesome/fonts/la-brands-400.eot]
[davur.dexignzone.com/frontend/icons/line-awesome/fonts/la-brands-400d41d.eot]
[davur.dexignzone.com/frontend/icons/line-awesome/fonts/la-brands-400.woff2]
[davur.dexignzone.com/frontend/icons/line-awesome/fonts/la-brands-400.woff]
[davur.dexignzone.com/frontend/icons/line-awesome/fonts/la-brands-400.ttf]
[davur.dexignzone.com/frontend/icons/line-awesome/fonts/la-brands-400.svg]
[davur.dexignzone.com/frontend/icons/line-awesome/fonts/la-regular-400.eot]
[davur.dexignzone.com/frontend/icons/line-awesome/fonts/la-regular-400d41d.eot]
[davur.dexignzone.com/frontend/icons/line-awesome/fonts/la-regular-400.woff2]
[davur.dexignzone.com/frontend/icons/line-awesome/fonts/la-regular-400.woff]
[davur.dexignzone.com/frontend/icons/line-awesome/fonts/la-regular-400.ttf]
[davur.dexignzone.com/frontend/icons/line-awesome/fonts/la-regular-400.svg]
[davur.dexignzone.com/frontend/icons/line-awesome/fonts/la-solid-900.eot]
[davur.dexignzone.com/frontend/icons/line-awesome/fonts/la-solid-900d41d.eot]
[davur.dexignzone.com/frontend/icons/line-awesome/fonts/la-solid-900.woff2]
[davur.dexignzone.com/frontend/icons/line-awesome/fonts/la-solid-900.woff]
[davur.dexignzone.com/frontend/icons/line-awesome/fonts/la-solid-900.ttf]
[davur.dexignzone.com/frontend/icons/line-awesome/css/line-awesome.min.css]
[davur.dexignzone.com/frontend/icons/avasta/fonts/avasta.eot]
[davur.dexignzone.com/frontend/icons/line-awesome/fonts/la-solid-900.svg]
[davur.dexignzone.com/frontend/icons/avasta/fonts/avasta.woff2]
[davur.dexignzone.com/frontend/icons/avasta/fonts/avasta.woff]
[davur.dexignzone.com/frontend/icons/avasta/fonts/avasta.ttf]
[davur.dexignzone.com/frontend/icons/avasta/css/style.css]
[davur.dexignzone.com/frontend/icons/avasta/fonts/avasta.svg]
[davur.dexignzone.com/frontend/icons/flaticon/Flaticon.eot]
[davur.dexignzone.com/frontend/icons/flaticon/Flaticond41d.eot]
[davur.dexignzone.com/frontend/icons/flaticon/Flaticon.woff]
[davur.dexignzone.com/frontend/icons/flaticon/Flaticon.ttf]
[davur.dexignzone.com/frontend/icons/flaticon/flaticon.css]
[davur.dexignzone.com/frontend/icons/flaticon/Flaticon.svg]
[davur.dexignzone.com/frontend/icons/icomoon/fonts/icomoon.eot]
[davur.dexignzone.com/frontend/icons/icomoon/fonts/icomoon.ttf]
[davur.dexignzone.com/frontend/icons/icomoon/fonts/icomoon.woff]
[davur.dexignzone.com/frontend/icons/icomoon/icomoon.css]
[davur.dexignzone.com/frontend/vendor/animate/animate.min.css]
[davur.dexignzone.com/frontend/vendor/aos/css/aos.min.css]
[davur.dexignzone.com/frontend/vendor/perfect-scrollbar/css/perfect-scrollbar.css]
[davur.dexignzone.com/frontend/vendor/metismenu/css/metisMenu.min.css]
[davur.dexignzone.com/frontend/icons/icomoon/fonts/icomoon.svg]
[davur.dexignzone.com/dashboard/Trident/index.html]
[davur.dexignzone.com/dashboard/Edge/index.html]
[davur.dexignzone.com/dashboard/icons/simple-line-icons/fonts/Simple-Line-Icons4c824c82.svg]
[davur.dexignzone.com/dashboard/icons/font-awesome/webfonts/fa-brands-400.svg]
[davur.dexignzone.com/dashboard/icons/font-awesome/webfonts/fa-regular-400.svg]
[davur.dexignzone.com/dashboard/icons/font-awesome/webfonts/fa-solid-900.svg]
[davur.dexignzone.com/dashboard/icons/material-design-iconic-font/fonts/materialdesignicons-webfont683c.svg]
[davur.dexignzone.com/dashboard/icons/themify-icons/fonts/themify9f249f24.svg]
[davur.dexignzone.com/dashboard/icons/line-awesome/fonts/la-brands-400.svg]
[davur.dexignzone.com/dashboard/icons/line-awesome/fonts/la-regular-400.svg]
[davur.dexignzone.com/dashboard/icons/line-awesome/fonts/la-solid-900.svg]
[davur.dexignzone.com/dashboard/icons/avasta/fonts/avasta.svg]
[davur.dexignzone.com/dashboard/icons/flaticon/Flaticon.svg]
[davur.dexignzone.com/dashboard/icons/icomoon/fonts/icomoon.svg]
[davur.dexignzone.com/dashboard/vendor/lightgallery/fonts/lgd641.svg]
[davur.dexignzone.com/frontend/page-login.html]
[davur.dexignzone.com/frontend/icons/simple-line-icons/fonts/Simple-Line-Icons4c824c82.svg]
[davur.dexignzone.com/frontend/icons/font-awesome/webfonts/fa-brands-400.svg]
[davur.dexignzone.com/frontend/icons/font-awesome/webfonts/fa-regular-400.svg]
[davur.dexignzone.com/frontend/icons/font-awesome/webfonts/fa-solid-900.svg]
[davur.dexignzone.com/frontend/icons/material-design-iconic-font/fonts/materialdesignicons-webfont683c.svg]
[davur.dexignzone.com/frontend/icons/themify-icons/fonts/themify9f249f24.svg]
[davur.dexignzone.com/frontend/icons/line-awesome/fonts/la-brands-400.svg]
[davur.dexignzone.com/frontend/icons/line-awesome/fonts/la-regular-400.svg]
[davur.dexignzone.com/frontend/icons/line-awesome/fonts/la-solid-900.svg]
[davur.dexignzone.com/frontend/icons/avasta/fonts/avasta.svg]
[davur.dexignzone.com/frontend/icons/flaticon/Flaticon.svg]
[davur.dexignzone.com/frontend/icons/icomoon/fonts/icomoon.svg]
